###==================================================###
###------------------ver.22.07.2015------------------###
timeout 15
default 0
graphicsmode -1 640:480
font /Metallurg_LiveUSB/unifont.hex.gz
gfxmenu /Metallurg_LiveUSB/metallurg.gz
###==================================================###
title ------- АйТи - Эксперт (Main MENU) -------
lock
find --set-root /HBCD/menu.lst
configfile /HBCD/menu.lst
###------------------ver.22.07.2015------------------###
###==================================================###

title Find and load NTLDR of Windows NT/2K/XP
find --set-root --ignore-floppies --ignore-cd /ntldr
map () (hd0)
map (hd0) ()
map --rehook
find --set-root --ignore-floppies --ignore-cd /ntldr
chainloader /ntldr
# ================================================================================ #

title Find and load BOOTMGR of Windows VISTA/7/8
find --set-root --ignore-floppies --ignore-cd /bootmgr
map () (hd0)
map (hd0) ()
map --rehook
find --set-root --ignore-floppies --ignore-cd /bootmgr
chainloader /bootmgr
# ================================================================================ #

title Fix "NTLDR is Missing"\n
find --set-root /HBCD/Boot/ntldr.gz
kernel /HBCD/Boot/memdisk
initrd /HBCD/Boot/ntldr.gz
# ================================================================================ #

0title Boot HDD 1 MBR\n
rootnoverify (hd0)
chainloader +1
# ================================================================================ #

title Boot HDD 1 Partition 1\n
rootnoverify (hd0,0)
chainloader +1
# ================================================================================ #

title Boot HDD 1 Partition 2\n
rootnoverify (hd0,1)
chainloader +1
# ================================================================================ #

title Boot HDD 1 Partition 3\n
rootnoverify (hd0,2)
chainloader +1
# ================================================================================ #

title Boot HDD 1 Partition 4\n
rootnoverify (hd0,3)
chainloader +1
# ================================================================================ #

title Boot HDD 2 MBR\n
rootnoverify (hd1)
chainloader +1
# ================================================================================ #

title Boot HDD 2 Partition 1\n
rootnoverify (hd1,0)
chainloader +1
# ================================================================================ #

title Boot HDD 2 Partition 2\n
rootnoverify (hd1,1)
chainloader +1
# ================================================================================ #
title Boot HDD 2 Partition 3\n
rootnoverify (hd1,2)
chainloader +1
# ================================================================================ #

title Boot HDD 2 Partition 4\n
rootnoverify (hd1,3)
chainloader +1
# ================================================================================ #

title Boot HDD 3 MBR\n
rootnoverify (hd2)
chainloader +1
# ================================================================================ #

title Boot HDD 3 Partition 1\n
rootnoverify (hd2,0)
chainloader +1
# ================================================================================ #

title Boot HDD 3 Partition 2\n
rootnoverify (hd2,1)
chainloader +1
# ================================================================================ #

title Boot HDD 3 Partition 3\n
rootnoverify (hd2,2)
chainloader +1
# ================================================================================ #

title Boot HDD 3 Partition 4\n
rootnoverify (hd2,3)
chainloader +1
# ================================================================================ #
###==================================================###
###------------------ver.22.07.2015------------------###
title ------- АйТи - Эксперт (Main MENU) -------
lock
find --set-root /HBCD/menu.lst
configfile /HBCD/menu.lst
###------------------ver.22.07.2015------------------###
###==================================================###